Release 14.7 - xst P.20131013 (nt64)
Copyright (c) 1995-2013 Xilinx, Inc.  All rights reserved.
--> Parameter TMPDIR set to xst/projnav.tmp


Total REAL time to Xst completion: 0.00 secs
Total CPU time to Xst completion: 0.11 secs
 
--> Parameter xsthdpdir set to xst


Total REAL time to Xst completion: 0.00 secs
Total CPU time to Xst completion: 0.11 secs
 
--> Reading design: seg7.prj

TABLE OF CONTENTS
  1) Synthesis Options Summary
  2) HDL Parsing
  3) HDL Elaboration
  4) HDL Synthesis
       4.1) HDL Synthesis Report
  5) Advanced HDL Synthesis
       5.1) Advanced HDL Synthesis Report
  6) Low Level Synthesis
  7) Partition Report
  8) Design Summary
       8.1) Primitive and Black Box Usage
       8.2) Device utilization summary
       8.3) Partition Resource Summary
       8.4) Timing Report
            8.4.1) Clock Information
            8.4.2) Asynchronous Control Signals Information
            8.4.3) Timing Summary
            8.4.4) Timing Details
            8.4.5) Cross Clock Domains Report


=========================================================================
*                      Synthesis Options Summary                        *
=========================================================================
---- Source Parameters
Input File Name                    : "seg7.prj"
Ignore Synthesis Constraint File   : NO

---- Target Parameters
Output File Name                   : "seg7"
Output Format                      : NGC
Target Device                      : xc6slx9-3-tqg144

---- Source Options
Top Module Name                    : seg7
Automatic FSM Extraction           : YES
FSM Encoding Algorithm             : Auto
Safe Implementation                : No
FSM Style                          : LUT
RAM Extraction                     : Yes
RAM Style                          : Auto
ROM Extraction                     : Yes
Shift Register Extraction          : YES
ROM Style                          : Auto
Resource Sharing                   : YES
Asynchronous To Synchronous        : NO
Shift Register Minimum Size        : 2
Use DSP Block                      : Auto
Automatic Register Balancing       : No

---- Target Options
LUT Combining                      : Auto
Reduce Control Sets                : Auto
Add IO Buffers                     : YES
Global Maximum Fanout              : 100000
Add Generic Clock Buffer(BUFG)     : 16
Register Duplication               : YES
Optimize Instantiated Primitives   : NO
Use Clock Enable                   : Auto
Use Synchronous Set                : Auto
Use Synchronous Reset              : Auto
Pack IO Registers into IOBs        : Auto
Equivalent register Removal        : YES

---- General Options
Optimization Goal                  : Speed
Optimization Effort                : 1
Power Reduction                    : NO
Keep Hierarchy                     : No
Netlist Hierarchy                  : As_Optimized
RTL Output                         : Yes
Global Optimization                : AllClockNets
Read Cores                         : YES
Write Timing Constraints           : NO
Cross Clock Analysis               : NO
Hierarchy Separator                : /
Bus Delimiter                      : <>
Case Specifier                     : Maintain
Slice Utilization Ratio            : 100
BRAM Utilization Ratio             : 100
DSP48 Utilization Ratio            : 100
Auto BRAM Packing                  : NO
Slice Utilization Ratio Delta      : 5

=========================================================================


=========================================================================
*                          HDL Parsing                                  *
=========================================================================
Analyzing Verilog file "C:\.Xilinx\segment7\seg7.vf" into library work
Parsing module <FJKC_HXILINX_seg7>.
Parsing module <seg7>.

=========================================================================
*                            HDL Elaboration                            *
=========================================================================

Elaborating module <seg7>.

Elaborating module <FJKC_HXILINX_seg7>.

Elaborating module <AND2>.

Elaborating module <OR2>.

Elaborating module <INV>.

Elaborating module <OBUF>.

=========================================================================
*                           HDL Synthesis                               *
=========================================================================

Synthesizing Unit <seg7>.
    Related source file is "C:\.Xilinx\segment7\seg7.vf".
    Set property "HU_SET = XLXI_1_0" for instance <XLXI_1>.
    Set property "HU_SET = XLXI_2_1" for instance <XLXI_2>.
    Set property "HU_SET = XLXI_3_2" for instance <XLXI_3>.
    Set property "IOSTANDARD = DEFAULT" for instance <XLXI_46>.
    Set property "SLEW = SLOW" for instance <XLXI_46>.
    Set property "DRIVE = 12" for instance <XLXI_46>.
    Set property "IOSTANDARD = DEFAULT" for instance <XLXI_47>.
    Set property "SLEW = SLOW" for instance <XLXI_47>.
    Set property "DRIVE = 12" for instance <XLXI_47>.
    Set property "IOSTANDARD = DEFAULT" for instance <XLXI_48>.
    Set property "SLEW = SLOW" for instance <XLXI_48>.
    Set property "DRIVE = 12" for instance <XLXI_48>.
    Summary:
	no macro.
Unit <seg7> synthesized.

Synthesizing Unit <FJKC_HXILINX_seg7>.
    Related source file is "C:\.Xilinx\segment7\seg7.vf".
        INIT = 1'b0
    Found 1-bit register for signal <Q>.
    Summary:
	inferred   1 D-type flip-flop(s).
	inferred   2 Multiplexer(s).
Unit <FJKC_HXILINX_seg7> synthesized.

=========================================================================
HDL Synthesis Report

Macro Statistics
# Registers                                            : 3
 1-bit register                                        : 3
# Multiplexers                                         : 6
 1-bit 2-to-1 multiplexer                              : 6

=========================================================================

=========================================================================
*                       Advanced HDL Synthesis                          *
=========================================================================


=========================================================================
Advanced HDL Synthesis Report

Macro Statistics
# Registers                                            : 3
 Flip-Flops                                            : 3
# Multiplexers                                         : 6
 1-bit 2-to-1 multiplexer                              : 6

=========================================================================

=========================================================================
*                         Low Level Synthesis                           *
=========================================================================

Optimizing unit <seg7> ...

Optimizing unit <FJKC_HXILINX_seg7> ...

Mapping all equations...
Building and optimizing final netlist ...
Found area constraint ratio of 100 (+ 5) on block seg7, actual ratio is 0.

Final Macro Processing ...

=========================================================================
Final Register Report

Macro Statistics
# Registers                                            : 3
 Flip-Flops                                            : 3

=========================================================================

=========================================================================
*                           Partition Report                            *
=========================================================================

Partition Implementation Status
-------------------------------

  No Partitions were found in this design.

-------------------------------

=========================================================================
*                            Design Summary                             *
=========================================================================

Top Level Output File Name         : seg7.ngc

Primitive and Black Box Usage:
------------------------------
# BELS                             : 21
#      AND2                        : 6
#      INV                         : 5
#      LUT2                        : 1
#      LUT3                        : 3
#      OR2                         : 6
# FlipFlops/Latches                : 3
#      FDC                         : 2
#      FDCE                        : 1
# Clock Buffers                    : 1
#      BUFGP                       : 1
# IO Buffers                       : 12
#      IBUF                        : 2
#      OBUF                        : 10

Device utilization summary:
---------------------------

Selected Device : 6slx9tqg144-3 


Slice Logic Utilization: 
 Number of Slice Registers:               3  out of  11440     0%  
 Number of Slice LUTs:                    9  out of   5720     0%  
    Number used as Logic:                 9  out of   5720     0%  

Slice Logic Distribution: 
 Number of LUT Flip Flop pairs used:     12
   Number with an unused Flip Flop:       9  out of     12    75%  
   Number with an unused LUT:             3  out of     12    25%  
   Number of fully used LUT-FF pairs:     0  out of     12     0%  
   Number of unique control sets:         3

IO Utilization: 
 Number of IOs:                          13
 Number of bonded IOBs:                  13  out of    102    12%  

Specific Feature Utilization:
 Number of BUFG/BUFGCTRLs:                1  out of     16     6%  

---------------------------
Partition Resource Summary:
---------------------------

  No Partitions were found in this design.

---------------------------


=========================================================================
Timing Report

NOTE: THESE TIMING NUMBERS ARE ONLY A SYNTHESIS ESTIMATE.
      FOR ACCURATE TIMING INFORMATION PLEASE REFER TO THE TRACE REPORT
      GENERATED AFTER PLACE-and-ROUTE.

Clock Information:
------------------
-----------------------------------+------------------------+-------+
Clock Signal                       | Clock buffer(FF name)  | Load  |
-----------------------------------+------------------------+-------+
Clock_10                           | BUFGP                  | 3     |
-----------------------------------+------------------------+-------+

Asynchronous Control Signals Information:
----------------------------------------
No asynchronous control signals found in this design

Timing Summary:
---------------
Speed Grade: -3

   Minimum period: 2.731ns (Maximum Frequency: 366.220MHz)
   Minimum input arrival time before clock: 3.204ns
   Maximum output required time after clock: 7.287ns
   Maximum combinational path delay: 4.566ns

Timing Details:
---------------
All values displayed in nanoseconds (ns)

=========================================================================
Timing constraint: Default period analysis for Clock 'Clock_10'
  Clock period: 2.731ns (frequency: 366.220MHz)
  Total number of paths / destination ports: 9 / 3
-------------------------------------------------------------------------
Delay:               2.731ns (Levels of Logic = 3)
  Source:            XLXI_1/Q (FF)
  Destination:       XLXI_2/Q (FF)
  Source Clock:      Clock_10 rising
  Destination Clock: Clock_10 rising

  Data Path: XLXI_1/Q to XLXI_2/Q
                                Gate     Net
    Cell:in->out      fanout   Delay   Delay  Logical Name (Net Name)
    ----------------------------------------  ------------
     FDC:C->Q              9   0.447   1.194  Q (Q)
     end scope: 'XLXI_1:Q'
     OR2:I0->O             1   0.203   0.580  XLXI_5 (XLXN_2)
     begin scope: 'XLXI_2:K'
     LUT3:I2->O            1   0.205   0.000  Q_rstpot (Q_rstpot)
     FDC:D                     0.102          Q
    ----------------------------------------
    Total                      2.731ns (0.957ns logic, 1.774ns route)
                                       (35.0% logic, 65.0% route)

=========================================================================
Timing constraint: Default OFFSET IN BEFORE for Clock 'Clock_10'
  Total number of paths / destination ports: 7 / 5
-------------------------------------------------------------------------
Offset:              3.204ns (Levels of Logic = 3)
  Source:            Ja (PAD)
  Destination:       XLXI_3/Q (FF)
  Destination Clock: Clock_10 rising

  Data Path: Ja to XLXI_3/Q
                                Gate     Net
    Cell:in->out      fanout   Delay   Delay  Logical Name (Net Name)
    ----------------------------------------  ------------
     IBUF:I->O             7   1.222   0.878  Ja_IBUF (Ja_IBUF)
     begin scope: 'XLXI_3:J'
     LUT2:I0->O            1   0.203   0.579  _n0008_inv1 (_n0008_inv)
     FDCE:CE                   0.322          Q
    ----------------------------------------
    Total                      3.204ns (1.747ns logic, 1.457ns route)
                                       (54.5% logic, 45.5% route)

=========================================================================
Timing constraint: Default OFFSET OUT AFTER for Clock 'Clock_10'
  Total number of paths / destination ports: 17 / 7
-------------------------------------------------------------------------
Offset:              7.287ns (Levels of Logic = 5)
  Source:            XLXI_1/Q (FF)
  Destination:       a (PAD)
  Source Clock:      Clock_10 rising

  Data Path: XLXI_1/Q to a
                                Gate     Net
    Cell:in->out      fanout   Delay   Delay  Logical Name (Net Name)
    ----------------------------------------  ------------
     FDC:C->Q              9   0.447   0.829  Q (Q)
     end scope: 'XLXI_1:Q'
     INV:I->O              1   0.568   0.924  XLXI_10 (XLXN_14)
     AND2:I1->O            1   0.223   0.924  XLXI_6 (XLXN_15)
     OR2:I1->O             1   0.223   0.579  XLXI_11 (a_OBUF)
     OBUF:I->O                 2.571          a_OBUF (a)
    ----------------------------------------
    Total                      7.287ns (4.032ns logic, 3.255ns route)
                                       (55.3% logic, 44.7% route)

=========================================================================
Timing constraint: Default path analysis
  Total number of paths / destination ports: 3 / 3
-------------------------------------------------------------------------
Delay:               4.566ns (Levels of Logic = 2)
  Source:            Ja (PAD)
  Destination:       com1 (PAD)

  Data Path: Ja to com1
                                Gate     Net
    Cell:in->out      fanout   Delay   Delay  Logical Name (Net Name)
    ----------------------------------------  ------------
     IBUF:I->O             7   1.222   0.773  Ja_IBUF (Ja_IBUF)
     OBUF:I->O                 2.571          XLXI_46 (com1)
    ----------------------------------------
    Total                      4.566ns (3.793ns logic, 0.773ns route)
                                       (83.1% logic, 16.9% route)

=========================================================================

Cross Clock Domains Report:
--------------------------

Clock to Setup on destination clock Clock_10
---------------+---------+---------+---------+---------+
               | Src:Rise| Src:Fall| Src:Rise| Src:Fall|
Source Clock   |Dest:Rise|Dest:Rise|Dest:Fall|Dest:Fall|
---------------+---------+---------+---------+---------+
Clock_10       |    2.731|         |         |         |
---------------+---------+---------+---------+---------+

=========================================================================


Total REAL time to Xst completion: 4.00 secs
Total CPU time to Xst completion: 3.67 secs
 
--> 

Total memory usage is 4507684 kilobytes

Number of errors   :    0 (   0 filtered)
Number of warnings :    0 (   0 filtered)
Number of infos    :    0 (   0 filtered)

