Release 14.7 - xst P.20131013 (nt64)
Copyright (c) 1995-2013 Xilinx, Inc.  All rights reserved.
--> Parameter TMPDIR set to xst/projnav.tmp


Total REAL time to Xst completion: 1.00 secs
Total CPU time to Xst completion: 0.16 secs
 
--> Parameter xsthdpdir set to xst


Total REAL time to Xst completion: 1.00 secs
Total CPU time to Xst completion: 0.16 secs
 
--> Reading design: lab9.prj

TABLE OF CONTENTS
  1) Synthesis Options Summary
  2) HDL Parsing
  3) HDL Elaboration
  4) HDL Synthesis
       4.1) HDL Synthesis Report
  5) Advanced HDL Synthesis
       5.1) Advanced HDL Synthesis Report
  6) Low Level Synthesis
  7) Partition Report
  8) Design Summary
       8.1) Primitive and Black Box Usage
       8.2) Device utilization summary
       8.3) Partition Resource Summary
       8.4) Timing Report
            8.4.1) Clock Information
            8.4.2) Asynchronous Control Signals Information
            8.4.3) Timing Summary
            8.4.4) Timing Details
            8.4.5) Cross Clock Domains Report


=========================================================================
*                      Synthesis Options Summary                        *
=========================================================================
---- Source Parameters
Input File Name                    : "lab9.prj"
Ignore Synthesis Constraint File   : NO

---- Target Parameters
Output File Name                   : "lab9"
Output Format                      : NGC
Target Device                      : xc6slx9-3-tqg144

---- Source Options
Top Module Name                    : lab9
Automatic FSM Extraction           : YES
FSM Encoding Algorithm             : Auto
Safe Implementation                : No
FSM Style                          : LUT
RAM Extraction                     : Yes
RAM Style                          : Auto
ROM Extraction                     : Yes
Shift Register Extraction          : YES
ROM Style                          : Auto
Resource Sharing                   : YES
Asynchronous To Synchronous        : NO
Shift Register Minimum Size        : 2
Use DSP Block                      : Auto
Automatic Register Balancing       : No

---- Target Options
LUT Combining                      : Auto
Reduce Control Sets                : Auto
Add IO Buffers                     : YES
Global Maximum Fanout              : 100000
Add Generic Clock Buffer(BUFG)     : 16
Register Duplication               : YES
Optimize Instantiated Primitives   : NO
Use Clock Enable                   : Auto
Use Synchronous Set                : Auto
Use Synchronous Reset              : Auto
Pack IO Registers into IOBs        : Auto
Equivalent register Removal        : YES

---- General Options
Optimization Goal                  : Speed
Optimization Effort                : 1
Power Reduction                    : NO
Keep Hierarchy                     : No
Netlist Hierarchy                  : As_Optimized
RTL Output                         : Yes
Global Optimization                : AllClockNets
Read Cores                         : YES
Write Timing Constraints           : NO
Cross Clock Analysis               : NO
Hierarchy Separator                : /
Bus Delimiter                      : <>
Case Specifier                     : Maintain
Slice Utilization Ratio            : 100
BRAM Utilization Ratio             : 100
DSP48 Utilization Ratio            : 100
Auto BRAM Packing                  : NO
Slice Utilization Ratio Delta      : 5

=========================================================================


=========================================================================
*                          HDL Parsing                                  *
=========================================================================
Analyzing Verilog file "C:\.Xilinx\Lab9_1\XorX.vf" into library work
Parsing module <XorX>.
Analyzing Verilog file "C:\.Xilinx\Lab9_1\Sub.vf" into library work
Parsing module <ADSU8_HXILINX_Sub>.
Parsing module <Sub>.
Analyzing Verilog file "C:\.Xilinx\Lab9_1\shift.vf" into library work
Parsing module <shift>.
Analyzing Verilog file "C:\.Xilinx\Lab9_1\Mux32.vf" into library work
Parsing module <M4_1E_HXILINX_Mux32>.
Parsing module <CB2CE_HXILINX_Mux32>.
Parsing module <Mux32>.
Analyzing Verilog file "C:\.Xilinx\Lab9_1\div2.vf" into library work
Parsing module <FJKC_HXILINX_div2>.
Parsing module <div2>.
Analyzing Verilog file "C:\.Xilinx\Lab9_1\Add.vf" into library work
Parsing module <ADD8_HXILINX_Add>.
Parsing module <Add>.
Analyzing Verilog file "C:\.Xilinx\Lab9_1\Selectt.vf" into library work
Parsing module <ADD8_HXILINX_Selectt>.
Parsing module <ADSU8_HXILINX_Selectt>.
Parsing module <M4_1E_HXILINX_Selectt>.
Parsing module <CB2CE_HXILINX_Selectt>.
Parsing module <Mux32_MUSER_Selectt>.
Parsing module <XorX_MUSER_Selectt>.
Parsing module <Sub_MUSER_Selectt>.
Parsing module <Add_MUSER_Selectt>.
Parsing module <shift_MUSER_Selectt>.
Parsing module <Selectt>.
Analyzing Verilog file "C:\.Xilinx\Lab9_1\Mux8_4.vf" into library work
Parsing module <M2_1_HXILINX_Mux8_4>.
Parsing module <Mux8_4>.
Analyzing Verilog file "C:\.Xilinx\Lab9_1\DIV.vf" into library work
Parsing module <FJKC_HXILINX_DIV>.
Parsing module <div2_MUSER_DIV>.
Parsing module <DIV>.
Analyzing Verilog file "C:\.Xilinx\Lab9_1\BCD27.vf" into library work
Parsing module <D4_16E_HXILINX_BCD27>.
Parsing module <OR6_HXILINX_BCD27>.
Parsing module <BCD27>.
Analyzing Verilog file "C:\.Xilinx\Lab9_1\lab9.vf" into library work
Parsing module <D4_16E_HXILINX_lab9>.
Parsing module <ADD8_HXILINX_lab9>.
Parsing module <OR6_HXILINX_lab9>.
Parsing module <ADSU8_HXILINX_lab9>.
Parsing module <M4_1E_HXILINX_lab9>.
Parsing module <FJKC_HXILINX_lab9>.
Parsing module <M2_1_HXILINX_lab9>.
Parsing module <CB2CE_HXILINX_lab9>.
Parsing module <Mux32_MUSER_lab9>.
Parsing module <XorX_MUSER_lab9>.
Parsing module <Sub_MUSER_lab9>.
Parsing module <Add_MUSER_lab9>.
Parsing module <shift_MUSER_lab9>.
Parsing module <Selectt_MUSER_lab9>.
Parsing module <Mux8_4_MUSER_lab9>.
Parsing module <BCD27_MUSER_lab9>.
Parsing module <div2_MUSER_lab9>.
Parsing module <DIV_MUSER_lab9>.
Parsing module <lab9>.

=========================================================================
*                            HDL Elaboration                            *
=========================================================================

Elaborating module <lab9>.

Elaborating module <DIV_MUSER_lab9>.

Elaborating module <div2_MUSER_lab9>.

Elaborating module <FJKC_HXILINX_lab9>.

Elaborating module <VCC>.

Elaborating module <INV>.

Elaborating module <BCD27_MUSER_lab9>.

Elaborating module <D4_16E_HXILINX_lab9>.
WARNING:HDLCompiler:1127 - "C:\.Xilinx\Lab9_1\lab9.vf" Line 688: Assignment to D8 ignored, since the identifier is never used

Elaborating module <OR4>.

Elaborating module <OR5>.

Elaborating module <OR6_HXILINX_lab9>.

Elaborating module <OBUF>.

Elaborating module <Mux8_4_MUSER_lab9>.

Elaborating module <M2_1_HXILINX_lab9>.

Elaborating module <Selectt_MUSER_lab9>.

Elaborating module <shift_MUSER_lab9>.

Elaborating module <GND>.

Elaborating module <OR2>.

Elaborating module <Add_MUSER_lab9>.

Elaborating module <ADD8_HXILINX_lab9>.

Elaborating module <Sub_MUSER_lab9>.

Elaborating module <ADSU8_HXILINX_lab9>.

Elaborating module <XorX_MUSER_lab9>.

Elaborating module <XOR2>.

Elaborating module <Mux32_MUSER_lab9>.

Elaborating module <CB2CE_HXILINX_lab9>.
WARNING:HDLCompiler:413 - "C:\.Xilinx\Lab9_1\lab9.vf" Line 272: Result of 3-bit expression is truncated to fit in 2-bit target.

Elaborating module <M4_1E_HXILINX_lab9>.

Elaborating module <AND2>.

=========================================================================
*                           HDL Synthesis                               *
=========================================================================

Synthesizing Unit <lab9>.
    Related source file is "C:\.Xilinx\Lab9_1\lab9.vf".
    Set property "IOSTANDARD = DEFAULT" for instance <XLXI_11>.
    Set property "SLEW = SLOW" for instance <XLXI_11>.
    Set property "DRIVE = 12" for instance <XLXI_11>.
    Set property "IOSTANDARD = DEFAULT" for instance <XLXI_13>.
    Set property "SLEW = SLOW" for instance <XLXI_13>.
    Set property "DRIVE = 12" for instance <XLXI_13>.
    Summary:
	no macro.
Unit <lab9> synthesized.

Synthesizing Unit <DIV_MUSER_lab9>.
    Related source file is "C:\.Xilinx\Lab9_1\lab9.vf".
    Summary:
	no macro.
Unit <DIV_MUSER_lab9> synthesized.

Synthesizing Unit <div2_MUSER_lab9>.
    Related source file is "C:\.Xilinx\Lab9_1\lab9.vf".
    Set property "HU_SET = XLXI_8_57" for instance <XLXI_8>.
    Summary:
	no macro.
Unit <div2_MUSER_lab9> synthesized.

Synthesizing Unit <FJKC_HXILINX_lab9>.
    Related source file is "C:\.Xilinx\Lab9_1\lab9.vf".
        INIT = 1'b0
    Found 1-bit register for signal <Q>.
    Summary:
	inferred   1 D-type flip-flop(s).
	inferred   2 Multiplexer(s).
Unit <FJKC_HXILINX_lab9> synthesized.

Synthesizing Unit <BCD27_MUSER_lab9>.
    Related source file is "C:\.Xilinx\Lab9_1\lab9.vf".
    Set property "HU_SET = XLXI_1_54" for instance <XLXI_1>.
    Set property "HU_SET = XLXI_27_55" for instance <XLXI_27>.
    Set property "HU_SET = XLXI_43_56" for instance <XLXI_43>.
INFO:Xst:3210 - "C:\.Xilinx\Lab9_1\lab9.vf" line 675: Output port <D8> of the instance <XLXI_1> is unconnected or connected to loadless signal.
    Summary:
	no macro.
Unit <BCD27_MUSER_lab9> synthesized.

Synthesizing Unit <D4_16E_HXILINX_lab9>.
    Related source file is "C:\.Xilinx\Lab9_1\lab9.vf".
    Summary:
	inferred  16 Multiplexer(s).
Unit <D4_16E_HXILINX_lab9> synthesized.

Synthesizing Unit <OR6_HXILINX_lab9>.
    Related source file is "C:\.Xilinx\Lab9_1\lab9.vf".
    Summary:
	no macro.
Unit <OR6_HXILINX_lab9> synthesized.

Synthesizing Unit <Mux8_4_MUSER_lab9>.
    Related source file is "C:\.Xilinx\Lab9_1\lab9.vf".
    Set property "HU_SET = XLXI_1_50" for instance <XLXI_1>.
    Set property "HU_SET = XLXI_2_51" for instance <XLXI_2>.
    Set property "HU_SET = XLXI_3_52" for instance <XLXI_3>.
    Set property "HU_SET = XLXI_4_53" for instance <XLXI_4>.
    Summary:
	no macro.
Unit <Mux8_4_MUSER_lab9> synthesized.

Synthesizing Unit <M2_1_HXILINX_lab9>.
    Related source file is "C:\.Xilinx\Lab9_1\lab9.vf".
    Summary:
	inferred   1 Multiplexer(s).
Unit <M2_1_HXILINX_lab9> synthesized.

Synthesizing Unit <Selectt_MUSER_lab9>.
    Related source file is "C:\.Xilinx\Lab9_1\lab9.vf".
    Summary:
	no macro.
Unit <Selectt_MUSER_lab9> synthesized.

Synthesizing Unit <shift_MUSER_lab9>.
    Related source file is "C:\.Xilinx\Lab9_1\lab9.vf".
WARNING:Xst:647 - Input <In1<7:7>> is never used. This port will be preserved and left unconnected if it belongs to a top-level block or it belongs to a sub-block and the hierarchy of this sub-block is preserved.
    Summary:
	no macro.
Unit <shift_MUSER_lab9> synthesized.

Synthesizing Unit <Add_MUSER_lab9>.
    Related source file is "C:\.Xilinx\Lab9_1\lab9.vf".
    Set property "HU_SET = XLXI_4_49" for instance <XLXI_4>.
INFO:Xst:3210 - "C:\.Xilinx\Lab9_1\lab9.vf" line 484: Output port <CO> of the instance <XLXI_4> is unconnected or connected to loadless signal.
INFO:Xst:3210 - "C:\.Xilinx\Lab9_1\lab9.vf" line 484: Output port <OFL> of the instance <XLXI_4> is unconnected or connected to loadless signal.
    Summary:
	no macro.
Unit <Add_MUSER_lab9> synthesized.

Synthesizing Unit <ADD8_HXILINX_lab9>.
    Related source file is "C:\.Xilinx\Lab9_1\lab9.vf".
    Found 9-bit adder for signal <n0019> created at line 107.
    Found 9-bit adder for signal <n0010> created at line 107.
    Summary:
	inferred   2 Adder/Subtractor(s).
Unit <ADD8_HXILINX_lab9> synthesized.

Synthesizing Unit <Sub_MUSER_lab9>.
    Related source file is "C:\.Xilinx\Lab9_1\lab9.vf".
    Set property "HU_SET = XLXI_1_48" for instance <XLXI_1>.
INFO:Xst:3210 - "C:\.Xilinx\Lab9_1\lab9.vf" line 461: Output port <CO> of the instance <XLXI_1> is unconnected or connected to loadless signal.
INFO:Xst:3210 - "C:\.Xilinx\Lab9_1\lab9.vf" line 461: Output port <OFL> of the instance <XLXI_1> is unconnected or connected to loadless signal.
    Summary:
	no macro.
Unit <Sub_MUSER_lab9> synthesized.

Synthesizing Unit <ADSU8_HXILINX_lab9>.
    Related source file is "C:\.Xilinx\Lab9_1\lab9.vf".
    Found 9-bit subtractor for signal <GND_22_o_GND_22_o_sub_3_OUT> created at line 149.
    Found 9-bit subtractor for signal <GND_22_o_GND_22_o_sub_4_OUT> created at line 149.
    Found 9-bit adder for signal <n0039> created at line 147.
    Found 9-bit adder for signal <BUS_0001_GND_22_o_add_1_OUT> created at line 147.
    Summary:
	inferred   2 Adder/Subtractor(s).
	inferred   4 Multiplexer(s).
Unit <ADSU8_HXILINX_lab9> synthesized.

Synthesizing Unit <XorX_MUSER_lab9>.
    Related source file is "C:\.Xilinx\Lab9_1\lab9.vf".
    Summary:
	no macro.
Unit <XorX_MUSER_lab9> synthesized.

Synthesizing Unit <Mux32_MUSER_lab9>.
    Related source file is "C:\.Xilinx\Lab9_1\lab9.vf".
    Set property "HU_SET = XLXI_5_47" for instance <XLXI_5>.
    Set property "HU_SET = XLXI_6_39" for instance <XLXI_6>.
    Set property "HU_SET = XLXI_22_40" for instance <XLXI_22>.
    Set property "HU_SET = XLXI_23_41" for instance <XLXI_23>.
    Set property "HU_SET = XLXI_24_42" for instance <XLXI_24>.
    Set property "HU_SET = XLXI_25_43" for instance <XLXI_25>.
    Set property "HU_SET = XLXI_26_44" for instance <XLXI_26>.
    Set property "HU_SET = XLXI_27_45" for instance <XLXI_27>.
    Set property "HU_SET = XLXI_28_46" for instance <XLXI_28>.
INFO:Xst:3210 - "C:\.Xilinx\Lab9_1\lab9.vf" line 312: Output port <CEO> of the instance <XLXI_5> is unconnected or connected to loadless signal.
INFO:Xst:3210 - "C:\.Xilinx\Lab9_1\lab9.vf" line 312: Output port <TC> of the instance <XLXI_5> is unconnected or connected to loadless signal.
    Summary:
	no macro.
Unit <Mux32_MUSER_lab9> synthesized.

Synthesizing Unit <CB2CE_HXILINX_lab9>.
    Related source file is "C:\.Xilinx\Lab9_1\lab9.vf".
    Found 1-bit register for signal <Q1>.
    Found 1-bit register for signal <Q0>.
    Found 2-bit adder for signal <Q1_GND_26_o_add_0_OUT> created at line 272.
    Summary:
	inferred   1 Adder/Subtractor(s).
	inferred   2 D-type flip-flop(s).
Unit <CB2CE_HXILINX_lab9> synthesized.

Synthesizing Unit <M4_1E_HXILINX_lab9>.
    Related source file is "C:\.Xilinx\Lab9_1\lab9.vf".
    Found 1-bit 4-to-1 multiplexer for signal <S1_D3_Mux_0_o> created at line 180.
    Summary:
	inferred   2 Multiplexer(s).
Unit <M4_1E_HXILINX_lab9> synthesized.

=========================================================================
HDL Synthesis Report

Macro Statistics
# Adders/Subtractors                                   : 5
 2-bit adder                                           : 1
 9-bit adder                                           : 2
 9-bit addsub                                          : 2
# Registers                                            : 10
 1-bit register                                        : 10
# Multiplexers                                         : 56
 1-bit 2-to-1 multiplexer                              : 46
 1-bit 4-to-1 multiplexer                              : 8
 9-bit 2-to-1 multiplexer                              : 2

=========================================================================
INFO:Xst:1767 - HDL ADVISOR - Resource sharing has identified that some arithmetic operations in this design can share the same physical resources for reduced device utilization. For improved clock frequency you may try to disable resource sharing.

=========================================================================
*                       Advanced HDL Synthesis                          *
=========================================================================


=========================================================================
Advanced HDL Synthesis Report

Macro Statistics
# Adders/Subtractors                                   : 4
 2-bit adder                                           : 1
 9-bit adder carry in                                  : 1
 9-bit addsub                                          : 2
# Registers                                            : 10
 Flip-Flops                                            : 10
# Multiplexers                                         : 52
 1-bit 2-to-1 multiplexer                              : 42
 1-bit 4-to-1 multiplexer                              : 8
 9-bit 2-to-1 multiplexer                              : 2

=========================================================================

=========================================================================
*                         Low Level Synthesis                           *
=========================================================================

Optimizing unit <Mux32_MUSER_lab9> ...

Optimizing unit <DIV_MUSER_lab9> ...

Optimizing unit <BCD27_MUSER_lab9> ...

Optimizing unit <XLXI_14/XLXI_1> ...

Optimizing unit <XLXI_14/XLXI_2> ...

Optimizing unit <XLXI_14/XLXI_3> ...

Optimizing unit <XLXI_14/XLXI_4> ...

Optimizing unit <lab9> ...

Optimizing unit <ADD8_HXILINX_lab9> ...

Optimizing unit <ADSU8_HXILINX_lab9> ...

Optimizing unit <CB2CE_HXILINX_lab9> ...

Optimizing unit <M4_1E_HXILINX_lab9> ...

Optimizing unit <FJKC_HXILINX_lab9> ...

Optimizing unit <D4_16E_HXILINX_lab9> ...

Optimizing unit <OR6_HXILINX_lab9> ...

Mapping all equations...
Building and optimizing final netlist ...
Found area constraint ratio of 100 (+ 5) on block lab9, actual ratio is 0.

Final Macro Processing ...

=========================================================================
Final Register Report

Macro Statistics
# Registers                                            : 10
 Flip-Flops                                            : 10

=========================================================================

=========================================================================
*                           Partition Report                            *
=========================================================================

Partition Implementation Status
-------------------------------

  No Partitions were found in this design.

-------------------------------

=========================================================================
*                            Design Summary                             *
=========================================================================

Top Level Output File Name         : lab9.ngc

Primitive and Black Box Usage:
------------------------------
# BELS                             : 153
#      AND2                        : 4
#      GND                         : 1
#      INV                         : 35
#      LUT2                        : 9
#      LUT3                        : 12
#      LUT4                        : 15
#      LUT5                        : 1
#      LUT6                        : 9
#      MUXCY                       : 21
#      OR2                         : 7
#      OR4                         : 3
#      OR5                         : 2
#      VCC                         : 2
#      XOR2                        : 8
#      XORCY                       : 24
# FlipFlops/Latches                : 10
#      FDC                         : 8
#      FDCE                        : 2
# Clock Buffers                    : 2
#      BUFGP                       : 2
# IO Buffers                       : 31
#      IBUF                        : 16
#      OBUF                        : 15

Device utilization summary:
---------------------------

Selected Device : 6slx9tqg144-3 


Slice Logic Utilization: 
 Number of Slice Registers:              10  out of  11440     0%  
 Number of Slice LUTs:                   81  out of   5720     1%  
    Number used as Logic:                81  out of   5720     1%  

Slice Logic Distribution: 
 Number of LUT Flip Flop pairs used:     91
   Number with an unused Flip Flop:      81  out of     91    89%  
   Number with an unused LUT:            10  out of     91    10%  
   Number of fully used LUT-FF pairs:     0  out of     91     0%  
   Number of unique control sets:         9

IO Utilization: 
 Number of IOs:                          33
 Number of bonded IOBs:                  33  out of    102    32%  

Specific Feature Utilization:
 Number of BUFG/BUFGCTRLs:                2  out of     16    12%  

---------------------------
Partition Resource Summary:
---------------------------

  No Partitions were found in this design.

---------------------------


=========================================================================
Timing Report

NOTE: THESE TIMING NUMBERS ARE ONLY A SYNTHESIS ESTIMATE.
      FOR ACCURATE TIMING INFORMATION PLEASE REFER TO THE TRACE REPORT
      GENERATED AFTER PLACE-and-ROUTE.

Clock Information:
------------------
-----------------------------------+-----------------------------+-------+
Clock Signal                       | Clock buffer(FF name)       | Load  |
-----------------------------------+-----------------------------+-------+
PB1                                | BUFGP                       | 2     |
clock                              | BUFGP                       | 1     |
XLXI_7/XLXI_1/XLXI_8/Q             | NONE(XLXI_7/XLXI_2/XLXI_8/Q)| 1     |
XLXI_7/XLXI_2/XLXI_8/Q             | NONE(XLXI_7/XLXI_3/XLXI_8/Q)| 1     |
XLXI_7/XLXI_3/XLXI_8/Q             | NONE(XLXI_7/XLXI_4/XLXI_8/Q)| 1     |
XLXI_7/XLXI_4/XLXI_8/Q             | NONE(XLXI_7/XLXI_5/XLXI_8/Q)| 1     |
XLXI_7/XLXI_5/XLXI_8/Q             | NONE(XLXI_7/XLXI_6/XLXI_8/Q)| 1     |
XLXI_7/XLXI_6/XLXI_8/Q             | NONE(XLXI_7/XLXI_7/XLXI_8/Q)| 1     |
XLXI_7/XLXI_7/XLXI_8/Q             | NONE(XLXI_7/XLXI_8/XLXI_8/Q)| 1     |
-----------------------------------+-----------------------------+-------+
INFO:Xst:2169 - HDL ADVISOR - Some clock signals were not automatically buffered by XST with BUFG/BUFR resources. Please use the buffer_type constraint in order to insert these buffers to the clock signals to help prevent skew problems.

Asynchronous Control Signals Information:
----------------------------------------
No asynchronous control signals found in this design

Timing Summary:
---------------
Speed Grade: -3

   Minimum period: 2.266ns (Maximum Frequency: 441.248MHz)
   Minimum input arrival time before clock: No path found
   Maximum output required time after clock: 9.828ns
   Maximum combinational path delay: 12.721ns

Timing Details:
---------------
All values displayed in nanoseconds (ns)

=========================================================================
Timing constraint: Default period analysis for Clock 'PB1'
  Clock period: 2.266ns (frequency: 441.248MHz)
  Total number of paths / destination ports: 3 / 2
-------------------------------------------------------------------------
Delay:               2.266ns (Levels of Logic = 1)
  Source:            XLXI_15/XLXI_5/XLXI_5/Q0 (FF)
  Destination:       XLXI_15/XLXI_5/XLXI_5/Q0 (FF)
  Source Clock:      PB1 rising
  Destination Clock: PB1 rising

  Data Path: XLXI_15/XLXI_5/XLXI_5/Q0 to XLXI_15/XLXI_5/XLXI_5/Q0
                                Gate     Net
    Cell:in->out      fanout   Delay   Delay  Logical Name (Net Name)
    ----------------------------------------  ------------
     FDCE:C->Q            13   0.447   0.932  Q0 (Q0)
     INV:I->O              1   0.206   0.579  Madd_Q1_GND_26_o_add_0_OUT_xor<0>11_INV_0 (Q1_GND_26_o_add_0_OUT<0>)
     FDCE:D                    0.102          Q0
    ----------------------------------------
    Total                      2.266ns (0.755ns logic, 1.511ns route)
                                       (33.3% logic, 66.7% route)

=========================================================================
Timing constraint: Default period analysis for Clock 'clock'
  Clock period: 1.950ns (frequency: 512.794MHz)
  Total number of paths / destination ports: 1 / 1
-------------------------------------------------------------------------
Delay:               1.950ns (Levels of Logic = 1)
  Source:            XLXI_7/XLXI_1/XLXI_8/Q (FF)
  Destination:       XLXI_7/XLXI_1/XLXI_8/Q (FF)
  Source Clock:      clock rising
  Destination Clock: clock rising

  Data Path: XLXI_7/XLXI_1/XLXI_8/Q to XLXI_7/XLXI_1/XLXI_8/Q
                                Gate     Net
    Cell:in->out      fanout   Delay   Delay  Logical Name (Net Name)
    ----------------------------------------  ------------
     FDC:C->Q              2   0.447   0.616  Q (Q)
     INV:I->O              1   0.206   0.579  Mmux_Q_Q_MUX_3_o11_INV_0 (Q_Q_MUX_3_o)
     FDC:D                     0.102          Q
    ----------------------------------------
    Total                      1.950ns (0.755ns logic, 1.195ns route)
                                       (38.7% logic, 61.3% route)

=========================================================================
Timing constraint: Default period analysis for Clock 'XLXI_7/XLXI_1/XLXI_8/Q'
  Clock period: 1.950ns (frequency: 512.794MHz)
  Total number of paths / destination ports: 1 / 1
-------------------------------------------------------------------------
Delay:               1.950ns (Levels of Logic = 1)
  Source:            XLXI_7/XLXI_2/XLXI_8/Q (FF)
  Destination:       XLXI_7/XLXI_2/XLXI_8/Q (FF)
  Source Clock:      XLXI_7/XLXI_1/XLXI_8/Q rising
  Destination Clock: XLXI_7/XLXI_1/XLXI_8/Q rising

  Data Path: XLXI_7/XLXI_2/XLXI_8/Q to XLXI_7/XLXI_2/XLXI_8/Q
                                Gate     Net
    Cell:in->out      fanout   Delay   Delay  Logical Name (Net Name)
    ----------------------------------------  ------------
     FDC:C->Q              2   0.447   0.616  Q (Q)
     INV:I->O              1   0.206   0.579  Mmux_Q_Q_MUX_3_o11_INV_0 (Q_Q_MUX_3_o)
     FDC:D                     0.102          Q
    ----------------------------------------
    Total                      1.950ns (0.755ns logic, 1.195ns route)
                                       (38.7% logic, 61.3% route)

=========================================================================
Timing constraint: Default period analysis for Clock 'XLXI_7/XLXI_2/XLXI_8/Q'
  Clock period: 1.950ns (frequency: 512.794MHz)
  Total number of paths / destination ports: 1 / 1
-------------------------------------------------------------------------
Delay:               1.950ns (Levels of Logic = 1)
  Source:            XLXI_7/XLXI_3/XLXI_8/Q (FF)
  Destination:       XLXI_7/XLXI_3/XLXI_8/Q (FF)
  Source Clock:      XLXI_7/XLXI_2/XLXI_8/Q rising
  Destination Clock: XLXI_7/XLXI_2/XLXI_8/Q rising

  Data Path: XLXI_7/XLXI_3/XLXI_8/Q to XLXI_7/XLXI_3/XLXI_8/Q
                                Gate     Net
    Cell:in->out      fanout   Delay   Delay  Logical Name (Net Name)
    ----------------------------------------  ------------
     FDC:C->Q              2   0.447   0.616  Q (Q)
     INV:I->O              1   0.206   0.579  Mmux_Q_Q_MUX_3_o11_INV_0 (Q_Q_MUX_3_o)
     FDC:D                     0.102          Q
    ----------------------------------------
    Total                      1.950ns (0.755ns logic, 1.195ns route)
                                       (38.7% logic, 61.3% route)

=========================================================================
Timing constraint: Default period analysis for Clock 'XLXI_7/XLXI_3/XLXI_8/Q'
  Clock period: 1.950ns (frequency: 512.794MHz)
  Total number of paths / destination ports: 1 / 1
-------------------------------------------------------------------------
Delay:               1.950ns (Levels of Logic = 1)
  Source:            XLXI_7/XLXI_4/XLXI_8/Q (FF)
  Destination:       XLXI_7/XLXI_4/XLXI_8/Q (FF)
  Source Clock:      XLXI_7/XLXI_3/XLXI_8/Q rising
  Destination Clock: XLXI_7/XLXI_3/XLXI_8/Q rising

  Data Path: XLXI_7/XLXI_4/XLXI_8/Q to XLXI_7/XLXI_4/XLXI_8/Q
                                Gate     Net
    Cell:in->out      fanout   Delay   Delay  Logical Name (Net Name)
    ----------------------------------------  ------------
     FDC:C->Q              2   0.447   0.616  Q (Q)
     INV:I->O              1   0.206   0.579  Mmux_Q_Q_MUX_3_o11_INV_0 (Q_Q_MUX_3_o)
     FDC:D                     0.102          Q
    ----------------------------------------
    Total                      1.950ns (0.755ns logic, 1.195ns route)
                                       (38.7% logic, 61.3% route)

=========================================================================
Timing constraint: Default period analysis for Clock 'XLXI_7/XLXI_4/XLXI_8/Q'
  Clock period: 1.950ns (frequency: 512.794MHz)
  Total number of paths / destination ports: 1 / 1
-------------------------------------------------------------------------
Delay:               1.950ns (Levels of Logic = 1)
  Source:            XLXI_7/XLXI_5/XLXI_8/Q (FF)
  Destination:       XLXI_7/XLXI_5/XLXI_8/Q (FF)
  Source Clock:      XLXI_7/XLXI_4/XLXI_8/Q rising
  Destination Clock: XLXI_7/XLXI_4/XLXI_8/Q rising

  Data Path: XLXI_7/XLXI_5/XLXI_8/Q to XLXI_7/XLXI_5/XLXI_8/Q
                                Gate     Net
    Cell:in->out      fanout   Delay   Delay  Logical Name (Net Name)
    ----------------------------------------  ------------
     FDC:C->Q              2   0.447   0.616  Q (Q)
     INV:I->O              1   0.206   0.579  Mmux_Q_Q_MUX_3_o11_INV_0 (Q_Q_MUX_3_o)
     FDC:D                     0.102          Q
    ----------------------------------------
    Total                      1.950ns (0.755ns logic, 1.195ns route)
                                       (38.7% logic, 61.3% route)

=========================================================================
Timing constraint: Default period analysis for Clock 'XLXI_7/XLXI_5/XLXI_8/Q'
  Clock period: 1.950ns (frequency: 512.794MHz)
  Total number of paths / destination ports: 1 / 1
-------------------------------------------------------------------------
Delay:               1.950ns (Levels of Logic = 1)
  Source:            XLXI_7/XLXI_6/XLXI_8/Q (FF)
  Destination:       XLXI_7/XLXI_6/XLXI_8/Q (FF)
  Source Clock:      XLXI_7/XLXI_5/XLXI_8/Q rising
  Destination Clock: XLXI_7/XLXI_5/XLXI_8/Q rising

  Data Path: XLXI_7/XLXI_6/XLXI_8/Q to XLXI_7/XLXI_6/XLXI_8/Q
                                Gate     Net
    Cell:in->out      fanout   Delay   Delay  Logical Name (Net Name)
    ----------------------------------------  ------------
     FDC:C->Q              2   0.447   0.616  Q (Q)
     INV:I->O              1   0.206   0.579  Mmux_Q_Q_MUX_3_o11_INV_0 (Q_Q_MUX_3_o)
     FDC:D                     0.102          Q
    ----------------------------------------
    Total                      1.950ns (0.755ns logic, 1.195ns route)
                                       (38.7% logic, 61.3% route)

=========================================================================
Timing constraint: Default period analysis for Clock 'XLXI_7/XLXI_6/XLXI_8/Q'
  Clock period: 1.950ns (frequency: 512.794MHz)
  Total number of paths / destination ports: 1 / 1
-------------------------------------------------------------------------
Delay:               1.950ns (Levels of Logic = 1)
  Source:            XLXI_7/XLXI_7/XLXI_8/Q (FF)
  Destination:       XLXI_7/XLXI_7/XLXI_8/Q (FF)
  Source Clock:      XLXI_7/XLXI_6/XLXI_8/Q rising
  Destination Clock: XLXI_7/XLXI_6/XLXI_8/Q rising

  Data Path: XLXI_7/XLXI_7/XLXI_8/Q to XLXI_7/XLXI_7/XLXI_8/Q
                                Gate     Net
    Cell:in->out      fanout   Delay   Delay  Logical Name (Net Name)
    ----------------------------------------  ------------
     FDC:C->Q              2   0.447   0.616  Q (Q)
     INV:I->O              1   0.206   0.579  Mmux_Q_Q_MUX_3_o11_INV_0 (Q_Q_MUX_3_o)
     FDC:D                     0.102          Q
    ----------------------------------------
    Total                      1.950ns (0.755ns logic, 1.195ns route)
                                       (38.7% logic, 61.3% route)

=========================================================================
Timing constraint: Default period analysis for Clock 'XLXI_7/XLXI_7/XLXI_8/Q'
  Clock period: 2.106ns (frequency: 474.721MHz)
  Total number of paths / destination ports: 1 / 1
-------------------------------------------------------------------------
Delay:               2.106ns (Levels of Logic = 1)
  Source:            XLXI_7/XLXI_8/XLXI_8/Q (FF)
  Destination:       XLXI_7/XLXI_8/XLXI_8/Q (FF)
  Source Clock:      XLXI_7/XLXI_7/XLXI_8/Q rising
  Destination Clock: XLXI_7/XLXI_7/XLXI_8/Q rising

  Data Path: XLXI_7/XLXI_8/XLXI_8/Q to XLXI_7/XLXI_8/XLXI_8/Q
                                Gate     Net
    Cell:in->out      fanout   Delay   Delay  Logical Name (Net Name)
    ----------------------------------------  ------------
     FDC:C->Q              7   0.447   0.773  Q (Q)
     INV:I->O              1   0.206   0.579  Mmux_Q_Q_MUX_3_o11_INV_0 (Q_Q_MUX_3_o)
     FDC:D                     0.102          Q
    ----------------------------------------
    Total                      2.106ns (0.755ns logic, 1.352ns route)
                                       (35.8% logic, 64.2% route)

=========================================================================
Timing constraint: Default OFFSET OUT AFTER for Clock 'PB1'
  Total number of paths / destination ports: 552 / 11
-------------------------------------------------------------------------
Offset:              9.828ns (Levels of Logic = 10)
  Source:            XLXI_15/XLXI_5/XLXI_5/Q0 (FF)
  Destination:       a (PAD)
  Source Clock:      PB1 rising

  Data Path: XLXI_15/XLXI_5/XLXI_5/Q0 to a
                                Gate     Net
    Cell:in->out      fanout   Delay   Delay  Logical Name (Net Name)
    ----------------------------------------  ------------
     FDCE:C->Q            13   0.447   1.297  Q0 (Q0)
     end scope: 'XLXI_15/XLXI_5/XLXI_5:Q0'
     begin scope: 'XLXI_15/XLXI_5/XLXI_23:S0'
     LUT6:I0->O            1   0.203   0.684  Mmux_O11 (O)
     end scope: 'XLXI_15/XLXI_5/XLXI_23:O'
     begin scope: 'XLXI_14/XLXI_3:D0'
     LUT3:I1->O           15   0.203   1.210  Mmux_O11 (O)
     end scope: 'XLXI_14/XLXI_3:O'
     begin scope: 'XLXI_8/XLXI_1:A2'
     LUT4:I1->O            5   0.205   0.962  Mmux_D1111 (D1)
     end scope: 'XLXI_8/XLXI_1:D1'
     OR4:I2->O             1   0.320   0.579  XLXI_8/XLXI_25 (XLXI_8/G)
     INV:I->O              1   0.568   0.579  XLXI_8/XLXI_33 (g_OBUF)
     OBUF:I->O                 2.571          g_OBUF (g)
    ----------------------------------------
    Total                      9.828ns (4.517ns logic, 5.311ns route)
                                       (46.0% logic, 54.0% route)

=========================================================================
Timing constraint: Default OFFSET OUT AFTER for Clock 'XLXI_7/XLXI_7/XLXI_8/Q'
  Total number of paths / destination ports: 138 / 9
-------------------------------------------------------------------------
Offset:              8.664ns (Levels of Logic = 8)
  Source:            XLXI_7/XLXI_8/XLXI_8/Q (FF)
  Destination:       a (PAD)
  Source Clock:      XLXI_7/XLXI_7/XLXI_8/Q rising

  Data Path: XLXI_7/XLXI_8/XLXI_8/Q to a
                                Gate     Net
    Cell:in->out      fanout   Delay   Delay  Logical Name (Net Name)
    ----------------------------------------  ------------
     FDC:C->Q              7   0.447   1.002  Q (Q)
     end scope: 'XLXI_7/XLXI_8/XLXI_8:Q'
     begin scope: 'XLXI_14/XLXI_1:S0'
     LUT3:I0->O           15   0.205   1.229  Mmux_O11 (O)
     end scope: 'XLXI_14/XLXI_1:O'
     begin scope: 'XLXI_8/XLXI_1:A0'
     LUT4:I0->O            5   0.203   0.962  Mmux_D1111 (D1)
     end scope: 'XLXI_8/XLXI_1:D1'
     OR4:I2->O             1   0.320   0.579  XLXI_8/XLXI_25 (XLXI_8/G)
     INV:I->O              1   0.568   0.579  XLXI_8/XLXI_33 (g_OBUF)
     OBUF:I->O                 2.571          g_OBUF (g)
    ----------------------------------------
    Total                      8.664ns (4.314ns logic, 4.350ns route)
                                       (49.8% logic, 50.2% route)

=========================================================================
Timing constraint: Default path analysis
  Total number of paths / destination ports: 17102 / 7
-------------------------------------------------------------------------
Delay:               12.721ns (Levels of Logic = 17)
  Source:            SW<0> (PAD)
  Destination:       a (PAD)

  Data Path: SW<0> to a
                                Gate     Net
    Cell:in->out      fanout   Delay   Delay  Logical Name (Net Name)
    ----------------------------------------  ------------
     IBUF:I->O             4   1.222   0.683  SW_0_IBUF (SW_0_IBUF)
     begin scope: 'XLXI_15/XLXI_3/XLXI_1:A<0>'
     INV:I->O              1   0.206   0.000  Mmux_adsu_tmp_A_rs_lut<0>1_INV_0 (Mmux_adsu_tmp_A_rs_lut<0>)
     MUXCY:S->O            1   0.172   0.000  Mmux_adsu_tmp_A_rs_cy<0> (Mmux_adsu_tmp_A_rs_cy<0>)
     XORCY:CI->O           1   0.180   0.808  Mmux_adsu_tmp_A_rs_xor<1> (Mmux_adsu_tmp_rs_A<1>)
     LUT3:I0->O            1   0.205   0.000  Mmux_adsu_tmp_rs_lut<1> (Mmux_adsu_tmp_rs_lut<1>)
     MUXCY:S->O            1   0.172   0.000  Mmux_adsu_tmp_rs_cy<1> (Mmux_adsu_tmp_rs_cy<1>)
     XORCY:CI->O           1   0.180   0.808  Mmux_adsu_tmp_rs_xor<2> (S<2>)
     end scope: 'XLXI_15/XLXI_3/XLXI_1:S<2>'
     begin scope: 'XLXI_15/XLXI_5/XLXI_23:D1'
     LUT6:I3->O            1   0.205   0.684  Mmux_O11 (O)
     end scope: 'XLXI_15/XLXI_5/XLXI_23:O'
     begin scope: 'XLXI_14/XLXI_3:D0'
     LUT3:I1->O           15   0.203   1.210  Mmux_O11 (O)
     end scope: 'XLXI_14/XLXI_3:O'
     begin scope: 'XLXI_8/XLXI_1:A2'
     LUT4:I1->O            5   0.205   0.962  Mmux_D1111 (D1)
     end scope: 'XLXI_8/XLXI_1:D1'
     OR4:I2->O             1   0.320   0.579  XLXI_8/XLXI_25 (XLXI_8/G)
     INV:I->O              1   0.568   0.579  XLXI_8/XLXI_33 (g_OBUF)
     OBUF:I->O                 2.571          g_OBUF (g)
    ----------------------------------------
    Total                     12.721ns (6.409ns logic, 6.312ns route)
                                       (50.4% logic, 49.6% route)

=========================================================================

Cross Clock Domains Report:
--------------------------

Clock to Setup on destination clock PB1
---------------+---------+---------+---------+---------+
               | Src:Rise| Src:Fall| Src:Rise| Src:Fall|
Source Clock   |Dest:Rise|Dest:Rise|Dest:Fall|Dest:Fall|
---------------+---------+---------+---------+---------+
PB1            |    2.266|         |         |         |
---------------+---------+---------+---------+---------+

Clock to Setup on destination clock XLXI_7/XLXI_1/XLXI_8/Q
----------------------+---------+---------+---------+---------+
                      | Src:Rise| Src:Fall| Src:Rise| Src:Fall|
Source Clock          |Dest:Rise|Dest:Rise|Dest:Fall|Dest:Fall|
----------------------+---------+---------+---------+---------+
XLXI_7/XLXI_1/XLXI_8/Q|    1.950|         |         |         |
----------------------+---------+---------+---------+---------+

Clock to Setup on destination clock XLXI_7/XLXI_2/XLXI_8/Q
----------------------+---------+---------+---------+---------+
                      | Src:Rise| Src:Fall| Src:Rise| Src:Fall|
Source Clock          |Dest:Rise|Dest:Rise|Dest:Fall|Dest:Fall|
----------------------+---------+---------+---------+---------+
XLXI_7/XLXI_2/XLXI_8/Q|    1.950|         |         |         |
----------------------+---------+---------+---------+---------+

Clock to Setup on destination clock XLXI_7/XLXI_3/XLXI_8/Q
----------------------+---------+---------+---------+---------+
                      | Src:Rise| Src:Fall| Src:Rise| Src:Fall|
Source Clock          |Dest:Rise|Dest:Rise|Dest:Fall|Dest:Fall|
----------------------+---------+---------+---------+---------+
XLXI_7/XLXI_3/XLXI_8/Q|    1.950|         |         |         |
----------------------+---------+---------+---------+---------+

Clock to Setup on destination clock XLXI_7/XLXI_4/XLXI_8/Q
----------------------+---------+---------+---------+---------+
                      | Src:Rise| Src:Fall| Src:Rise| Src:Fall|
Source Clock          |Dest:Rise|Dest:Rise|Dest:Fall|Dest:Fall|
----------------------+---------+---------+---------+---------+
XLXI_7/XLXI_4/XLXI_8/Q|    1.950|         |         |         |
----------------------+---------+---------+---------+---------+

Clock to Setup on destination clock XLXI_7/XLXI_5/XLXI_8/Q
----------------------+---------+---------+---------+---------+
                      | Src:Rise| Src:Fall| Src:Rise| Src:Fall|
Source Clock          |Dest:Rise|Dest:Rise|Dest:Fall|Dest:Fall|
----------------------+---------+---------+---------+---------+
XLXI_7/XLXI_5/XLXI_8/Q|    1.950|         |         |         |
----------------------+---------+---------+---------+---------+

Clock to Setup on destination clock XLXI_7/XLXI_6/XLXI_8/Q
----------------------+---------+---------+---------+---------+
                      | Src:Rise| Src:Fall| Src:Rise| Src:Fall|
Source Clock          |Dest:Rise|Dest:Rise|Dest:Fall|Dest:Fall|
----------------------+---------+---------+---------+---------+
XLXI_7/XLXI_6/XLXI_8/Q|    1.950|         |         |         |
----------------------+---------+---------+---------+---------+

Clock to Setup on destination clock XLXI_7/XLXI_7/XLXI_8/Q
----------------------+---------+---------+---------+---------+
                      | Src:Rise| Src:Fall| Src:Rise| Src:Fall|
Source Clock          |Dest:Rise|Dest:Rise|Dest:Fall|Dest:Fall|
----------------------+---------+---------+---------+---------+
XLXI_7/XLXI_7/XLXI_8/Q|    2.106|         |         |         |
----------------------+---------+---------+---------+---------+

Clock to Setup on destination clock clock
---------------+---------+---------+---------+---------+
               | Src:Rise| Src:Fall| Src:Rise| Src:Fall|
Source Clock   |Dest:Rise|Dest:Rise|Dest:Fall|Dest:Fall|
---------------+---------+---------+---------+---------+
clock          |    1.950|         |         |         |
---------------+---------+---------+---------+---------+

=========================================================================


Total REAL time to Xst completion: 5.00 secs
Total CPU time to Xst completion: 4.94 secs
 
--> 

Total memory usage is 4509664 kilobytes

Number of errors   :    0 (   0 filtered)
Number of warnings :    3 (   0 filtered)
Number of infos    :    9 (   0 filtered)

