--------------------------------------------------------------------------------
Release 14.7 Trace  (nt64)
Copyright (c) 1995-2013 Xilinx, Inc.  All rights reserved.

C:\Xilinx\14.7\ISE_DS\ISE\bin\nt64\unwrapped\trce.exe -intstyle ise -v 3 -s 3
-n 3 -fastpaths -xml lab9t.twx lab9t.ncd -o lab9t.twr lab9t.pcf -ucf lab9t.ucf

Design file:              lab9t.ncd
Physical constraint file: lab9t.pcf
Device,package,speed:     xc6slx9,tqg144,C,-3 (PRODUCTION 1.23 2013-10-13)
Report level:             verbose report

Environment Variable      Effect 
--------------------      ------ 
NONE                      No environment variables were set
--------------------------------------------------------------------------------

INFO:Timing:2698 - No timing constraints found, doing default enumeration.
INFO:Timing:3412 - To improve timing, see the Timing Closure User Guide (UG612).
INFO:Timing:2752 - To get complete path coverage, use the unconstrained paths 
   option. All paths that are not constrained will be reported in the 
   unconstrained paths section(s) of the report.
INFO:Timing:3339 - The clock-to-out numbers in this timing report are based on 
   a 50 Ohm transmission line loading model.  For the details of this model, 
   and for more information on accounting for different loading conditions, 
   please see the device datasheet.



Data Sheet report:
-----------------
All values displayed in nanoseconds (ns)

Pad to Pad
---------------+---------------+---------+
Source Pad     |Destination Pad|  Delay  |
---------------+---------------+---------+
DP<1>          |MN<7>          |    7.263|
DP<2>          |MN<6>          |    7.197|
DP<3>          |MN<5>          |    7.357|
DP<4>          |MN<4>          |    7.253|
DP<5>          |MN<3>          |    6.544|
DP<6>          |MN<2>          |    6.499|
DP<7>          |MN<1>          |    6.368|
DP<8>          |MN<0>          |    6.432|
---------------+---------------+---------+


Analysis completed Wed Nov 04 20:56:39 2020 
--------------------------------------------------------------------------------

Trace Settings:
-------------------------
Trace Settings 

Peak Memory Usage: 4547 MB



