--------------------------------------------------------------------------------
Release 14.7 Trace  (nt64)
Copyright (c) 1995-2013 Xilinx, Inc.  All rights reserved.

C:\Xilinx\14.7\ISE_DS\ISE\bin\nt64\unwrapped\trce.exe -intstyle ise -v 3 -s 3
-n 3 -fastpaths -xml Lab8.twx Lab8.ncd -o Lab8.twr Lab8.pcf -ucf lab8.ucf

Design file:              Lab8.ncd
Physical constraint file: Lab8.pcf
Device,package,speed:     xc6slx9,tqg144,C,-3 (PRODUCTION 1.23 2013-10-13)
Report level:             verbose report

Environment Variable      Effect 
--------------------      ------ 
NONE                      No environment variables were set
--------------------------------------------------------------------------------

INFO:Timing:2698 - No timing constraints found, doing default enumeration.
INFO:Timing:3412 - To improve timing, see the Timing Closure User Guide (UG612).
INFO:Timing:2752 - To get complete path coverage, use the unconstrained paths 
   option. All paths that are not constrained will be reported in the 
   unconstrained paths section(s) of the report.
INFO:Timing:3339 - The clock-to-out numbers in this timing report are based on 
   a 50 Ohm transmission line loading model.  For the details of this model, 
   and for more information on accounting for different loading conditions, 
   please see the device datasheet.



Data Sheet report:
-----------------
All values displayed in nanoseconds (ns)

Clock to Setup on destination clock clock
---------------+---------+---------+---------+---------+
               | Src:Rise| Src:Fall| Src:Rise| Src:Fall|
Source Clock   |Dest:Rise|Dest:Rise|Dest:Fall|Dest:Fall|
---------------+---------+---------+---------+---------+
clock          |    0.909|         |         |         |
---------------+---------+---------+---------+---------+

Pad to Pad
---------------+---------------+---------+
Source Pad     |Destination Pad|  Delay  |
---------------+---------------+---------+
DP0            |a              |   16.734|
DP0            |b              |   17.340|
DP0            |c              |   17.119|
DP0            |d              |   16.962|
DP0            |e              |   17.442|
DP0            |f              |   16.471|
DP0            |g              |   16.213|
DP1            |a              |   16.067|
DP1            |b              |   16.673|
DP1            |c              |   16.452|
DP1            |d              |   16.295|
DP1            |e              |   16.775|
DP1            |f              |   15.804|
DP1            |g              |   15.546|
DP2            |a              |   15.929|
DP2            |b              |   16.535|
DP2            |c              |   16.314|
DP2            |d              |   16.157|
DP2            |e              |   16.637|
DP2            |f              |   15.666|
DP2            |g              |   15.408|
DP3            |a              |   15.156|
DP3            |b              |   15.762|
DP3            |c              |   15.541|
DP3            |d              |   15.384|
DP3            |e              |   15.864|
DP3            |f              |   14.893|
DP3            |g              |   14.635|
DP4            |a              |   14.876|
DP4            |b              |   15.482|
DP4            |c              |   15.261|
DP4            |d              |   15.104|
DP4            |e              |   15.584|
DP4            |f              |   14.613|
DP4            |g              |   14.355|
DP5            |a              |   14.164|
DP5            |b              |   14.770|
DP5            |c              |   14.549|
DP5            |d              |   14.392|
DP5            |e              |   14.872|
DP5            |f              |   13.901|
DP5            |g              |   13.643|
DP6            |a              |   13.537|
DP6            |b              |   14.368|
DP6            |c              |   14.147|
DP6            |d              |   13.979|
DP6            |e              |   14.459|
DP6            |f              |   13.380|
DP6            |g              |   13.230|
DP7            |a              |   13.237|
DP7            |b              |   13.644|
DP7            |c              |   13.423|
DP7            |d              |   13.465|
DP7            |e              |   13.945|
DP7            |f              |   12.974|
DP7            |g              |   12.716|
SW0            |a              |   16.058|
SW0            |b              |   16.664|
SW0            |c              |   16.443|
SW0            |d              |   16.286|
SW0            |e              |   16.766|
SW0            |f              |   15.795|
SW0            |g              |   15.537|
SW1            |a              |   16.279|
SW1            |b              |   16.885|
SW1            |c              |   16.664|
SW1            |d              |   16.507|
SW1            |e              |   16.987|
SW1            |f              |   16.016|
SW1            |g              |   15.758|
SW2            |a              |   15.360|
SW2            |b              |   15.966|
SW2            |c              |   15.745|
SW2            |d              |   15.588|
SW2            |e              |   16.068|
SW2            |f              |   15.097|
SW2            |g              |   14.839|
SW3            |a              |   14.680|
SW3            |b              |   15.286|
SW3            |c              |   15.065|
SW3            |d              |   14.908|
SW3            |e              |   15.388|
SW3            |f              |   14.417|
SW3            |g              |   14.159|
SW4            |a              |   14.018|
SW4            |b              |   14.624|
SW4            |c              |   14.403|
SW4            |d              |   14.246|
SW4            |e              |   14.726|
SW4            |f              |   13.755|
SW4            |g              |   13.497|
SW5            |a              |   13.409|
SW5            |b              |   14.015|
SW5            |c              |   13.794|
SW5            |d              |   13.637|
SW5            |e              |   14.117|
SW5            |f              |   13.146|
SW5            |g              |   12.888|
SW6            |a              |   13.053|
SW6            |b              |   13.884|
SW6            |c              |   13.663|
SW6            |d              |   13.495|
SW6            |e              |   13.975|
SW6            |f              |   12.896|
SW6            |g              |   12.746|
SW7            |a              |   12.235|
SW7            |b              |   12.642|
SW7            |c              |   12.421|
SW7            |d              |   12.463|
SW7            |e              |   12.943|
SW7            |f              |   11.972|
SW7            |g              |   11.714|
---------------+---------------+---------+


Analysis completed Wed Nov 04 15:48:09 2020 
--------------------------------------------------------------------------------

Trace Settings:
-------------------------
Trace Settings 

Peak Memory Usage: 4549 MB



